2103

27A6